{
  "top5_schema": {
    "id": "string",
    "amount": "number"
  }
}