version https://git-lfs.github.com/spec/v1
oid sha256:11cb4ce69dafbb1b8ade6e655a7b1b0085fc840c03d5e4d5f52a24bd9d8547f6
size 272
